../Core/Src/main.c:140:6:HAL_TIM_PeriodElapsedCallback	24	static
../Core/Src/main.c:160:6:HAL_TIM_IC_CaptureCallback	16	static
../Core/Src/main.c:197:6:delay	16	static
../Core/Src/main.c:203:9:HCSR04_Read	8	static
../Core/Src/main.c:211:6:DISTANCE_LCD	16	static
../Core/Src/main.c:230:6:HAL_UART_RxCpltCallback	16	static
../Core/Src/main.c:249:6:angleTurnLeft	8	static
../Core/Src/main.c:258:6:angleTurnRight	8	static
../Core/Src/main.c:267:6:CAR_FORWARD	8	static
../Core/Src/main.c:276:6:CAR_TURN_RIGHT	8	static
../Core/Src/main.c:282:6:CAR_TURN_LEFT	8	static
../Core/Src/main.c:288:6:CAR_STOP	8	static
../Core/Src/main.c:298:6:driving	16	static
../Core/Src/main.c:310:6:controlSpeed	24	static
../Core/Src/main.c:327:6:rotate	48	static
../Core/Src/main.c:378:5:changeSpeed	16	static
../Core/Src/main.c:388:6:calculateError	80	static
../Core/Src/main.c:453:6:goForwardandLeft	16	static
../Core/Src/main.c:497:6:processing	8	static
../Core/Src/main.c:547:6:setupMPU6050	24	static
../Core/Src/main.c:577:6:processingADC	8	static
../Core/Src/main.c:587:5:main	8	static
../Core/Src/main.c:651:6:SystemClock_Config	88	static
../Core/Src/main.c:697:13:MX_ADC1_Init	24	static
../Core/Src/main.c:744:13:MX_I2C1_Init	8	static
../Core/Src/main.c:778:13:MX_I2C2_Init	8	static
../Core/Src/main.c:812:13:MX_TIM1_Init	32	static
../Core/Src/main.c:858:13:MX_TIM2_Init	32	static
../Core/Src/main.c:906:13:MX_TIM3_Init	64	static
../Core/Src/main.c:969:13:MX_USART1_UART_Init	8	static
../Core/Src/main.c:1000:13:MX_DMA_Init	16	static
../Core/Src/main.c:1018:13:MX_GPIO_Init	40	static
../Core/Src/main.c:1072:6:Error_Handler	4	static,ignoring_inline_asm
